current directory: /workspaces/monicarachelparra.com/vendor/bundle/ruby/3.3.0/gems/rbs-3.9.4/ext/rbs_extension
/usr/local/rvm/rubies/ruby-3.3.9/bin/ruby extconf.rb
checking for whether -std=gnu99 is accepted as CFLAGS... yes
creating Makefile

current directory: /workspaces/monicarachelparra.com/vendor/bundle/ruby/3.3.0/gems/rbs-3.9.4/ext/rbs_extension
make DESTDIR\= sitearchdir\=./.gem.20250827-1381-l5uu2j sitelibdir\=./.gem.20250827-1381-l5uu2j clean

current directory: /workspaces/monicarachelparra.com/vendor/bundle/ruby/3.3.0/gems/rbs-3.9.4/ext/rbs_extension
make DESTDIR\= sitearchdir\=./.gem.20250827-1381-l5uu2j sitelibdir\=./.gem.20250827-1381-l5uu2j
compiling ./../../src/constants.c
compiling ./../../src/ruby_objs.c
compiling ./../../src/util/rbs_constant_pool.c
compiling lexer.c
compiling lexstate.c
compiling location.c
compiling main.c
main.c: In function 'Init_rbs_extension':
main.c:24:3: warning: multi-line comment [-Wcomment]
   24 |   // grep -o 'INTERN("\([^"]*\)")' ext/rbs_extension/parser.c \
      |   ^
main.c: At top level:
cc1: note: unrecognized command-line option '-Wno-self-assign' may have been intended to silence earlier diagnostics
cc1: note: unrecognized command-line option '-Wno-parentheses-equality' may have been intended to silence earlier diagnostics
cc1: note: unrecognized command-line option '-Wno-constant-logical-operand' may have been intended to silence earlier diagnostics
compiling parser.c
compiling parserstate.c
compiling unescape.c
linking shared-object rbs_extension.so

current directory: /workspaces/monicarachelparra.com/vendor/bundle/ruby/3.3.0/gems/rbs-3.9.4/ext/rbs_extension
make DESTDIR\= sitearchdir\=./.gem.20250827-1381-l5uu2j sitelibdir\=./.gem.20250827-1381-l5uu2j install
/usr/bin/install -m 0755 rbs_extension.so ./.gem.20250827-1381-l5uu2j

current directory: /workspaces/monicarachelparra.com/vendor/bundle/ruby/3.3.0/gems/rbs-3.9.4/ext/rbs_extension
make DESTDIR\= sitearchdir\=./.gem.20250827-1381-l5uu2j sitelibdir\=./.gem.20250827-1381-l5uu2j clean
