current directory: /Users/monicaparra/monicarachelparra.com/vendor/bundle/ruby/3.3.0/gems/http_parser.rb-0.8.0/ext/ruby_http_parser
/opt/homebrew/opt/ruby@3.3/bin/ruby extconf.rb
creating Makefile

current directory: /Users/monicaparra/monicarachelparra.com/vendor/bundle/ruby/3.3.0/gems/http_parser.rb-0.8.0/ext/ruby_http_parser
make DESTDIR\= sitearchdir\=./.gem.20250826-61346-owvbi8 sitelibdir\=./.gem.20250826-61346-owvbi8 clean

current directory: /Users/monicaparra/monicarachelparra.com/vendor/bundle/ruby/3.3.0/gems/http_parser.rb-0.8.0/ext/ruby_http_parser
make DESTDIR\= sitearchdir\=./.gem.20250826-61346-owvbi8 sitelibdir\=./.gem.20250826-61346-owvbi8
compiling ruby_http_parser.c
ruby_http_parser.c:365:17: warning: comparison of integers of different signs: 'size_t' (aka 'unsigned long') and 'long' [-Wsign-compare]
    if (nparsed < len)
        ~~~~~~~ ^ ~~~
1 warning generated.
compiling ryah_http_parser.c
linking shared-object ruby_http_parser.bundle
ld: warning: dylib (/opt/homebrew/Cellar/ruby@3.3/3.3.9/lib/libruby.3.3.dylib) was built for newer macOS version (14.0) than being linked (13.3)

current directory: /Users/monicaparra/monicarachelparra.com/vendor/bundle/ruby/3.3.0/gems/http_parser.rb-0.8.0/ext/ruby_http_parser
make DESTDIR\= sitearchdir\=./.gem.20250826-61346-owvbi8 sitelibdir\=./.gem.20250826-61346-owvbi8 install
/usr/bin/install -c -m 0755 ruby_http_parser.bundle ./.gem.20250826-61346-owvbi8

current directory: /Users/monicaparra/monicarachelparra.com/vendor/bundle/ruby/3.3.0/gems/http_parser.rb-0.8.0/ext/ruby_http_parser
make DESTDIR\= sitearchdir\=./.gem.20250826-61346-owvbi8 sitelibdir\=./.gem.20250826-61346-owvbi8 clean
