current directory: /workspaces/monicarachelparra.com/vendor/bundle/ruby/3.3.0/gems/psych-5.2.6/ext/psych
/usr/local/rvm/rubies/ruby-3.3.9/bin/ruby extconf.rb
checking for pkg-config for yaml-0.1... [" ", "", "-lyaml"]
checking for yaml.h... yes
checking for yaml_get_version() in -lyaml... yes
creating Makefile

current directory: /workspaces/monicarachelparra.com/vendor/bundle/ruby/3.3.0/gems/psych-5.2.6/ext/psych
make DESTDIR\= sitearchdir\=./.gem.20250827-2895-5tc5bn sitelibdir\=./.gem.20250827-2895-5tc5bn clean
cd libyaml && make clean
/bin/sh: 1: cd: can't cd to libyaml
make: [Makefile:283: clean-so] Error 2 (ignored)

current directory: /workspaces/monicarachelparra.com/vendor/bundle/ruby/3.3.0/gems/psych-5.2.6/ext/psych
make DESTDIR\= sitearchdir\=./.gem.20250827-2895-5tc5bn sitelibdir\=./.gem.20250827-2895-5tc5bn
compiling psych.c
compiling psych_emitter.c
compiling psych_parser.c
compiling psych_to_ruby.c
compiling psych_yaml_tree.c
linking shared-object psych.so

current directory: /workspaces/monicarachelparra.com/vendor/bundle/ruby/3.3.0/gems/psych-5.2.6/ext/psych
make DESTDIR\= sitearchdir\=./.gem.20250827-2895-5tc5bn sitelibdir\=./.gem.20250827-2895-5tc5bn install
/usr/bin/install -m 0755 psych.so ./.gem.20250827-2895-5tc5bn

current directory: /workspaces/monicarachelparra.com/vendor/bundle/ruby/3.3.0/gems/psych-5.2.6/ext/psych
make DESTDIR\= sitearchdir\=./.gem.20250827-2895-5tc5bn sitelibdir\=./.gem.20250827-2895-5tc5bn clean
cd libyaml && make clean
/bin/sh: 1: cd: can't cd to libyaml
make: [Makefile:283: clean-so] Error 2 (ignored)
