current directory: /Users/monicaparra/monicarachelparra.com/vendor/bundle/ruby/3.4.0/gems/bigdecimal-3.2.2/ext/bigdecimal
/opt/homebrew/opt/ruby/bin/ruby extconf.rb
checking for __builtin_clz()... yes
checking for __builtin_clzl()... yes
checking for __builtin_clzll()... yes
checking for float.h... yes
checking for math.h... yes
checking for stdbool.h... yes
checking for stdlib.h... yes
checking for x86intrin.h... no
checking for intrin.h... no
checking for labs() in stdlib.h... yes
checking for llabs() in stdlib.h... yes
checking for finite() in math.h... no
checking for isfinite() in math.h... no
checking for ruby/atomic.h... yes
checking for ruby/internal/has/builtin.h... yes
checking for ruby/internal/static_assert.h... yes
checking for rb_rational_num() in ruby.h... yes
checking for rb_rational_den() in ruby.h... yes
checking for rb_complex_real() in ruby.h... yes
checking for rb_complex_imag() in ruby.h... yes
checking for rb_opts_exception_p() in ruby.h... yes
checking for rb_category_warn() in ruby.h... yes
checking for RB_WARN_CATEGORY_DEPRECATED in ruby.h... yes
creating Makefile

current directory: /Users/monicaparra/monicarachelparra.com/vendor/bundle/ruby/3.4.0/gems/bigdecimal-3.2.2/ext/bigdecimal
make DESTDIR\= sitearchdir\=./.gem.20250826-67339-ia0rcv sitelibdir\=./.gem.20250826-67339-ia0rcv clean

current directory: /Users/monicaparra/monicarachelparra.com/vendor/bundle/ruby/3.4.0/gems/bigdecimal-3.2.2/ext/bigdecimal
make DESTDIR\= sitearchdir\=./.gem.20250826-67339-ia0rcv sitelibdir\=./.gem.20250826-67339-ia0rcv
compiling bigdecimal.c
compiling missing.c
linking shared-object bigdecimal.bundle
ld: warning: directory not found for option '-L/opt/homebrew/Cellar/openssl@3/3.5.1/lib'
ld: warning: directory not found for option '-L/opt/homebrew/Cellar/openssl@3/3.5.1/lib'
ld: warning: dylib (/opt/homebrew/Cellar/ruby/3.4.5/lib/libruby.3.4.dylib) was built for newer macOS version (14.0) than being linked (13.3)

current directory: /Users/monicaparra/monicarachelparra.com/vendor/bundle/ruby/3.4.0/gems/bigdecimal-3.2.2/ext/bigdecimal
make DESTDIR\= sitearchdir\=./.gem.20250826-67339-ia0rcv sitelibdir\=./.gem.20250826-67339-ia0rcv install
/usr/bin/install -c -m 0755 bigdecimal.bundle ./.gem.20250826-67339-ia0rcv

current directory: /Users/monicaparra/monicarachelparra.com/vendor/bundle/ruby/3.4.0/gems/bigdecimal-3.2.2/ext/bigdecimal
make DESTDIR\= sitearchdir\=./.gem.20250826-67339-ia0rcv sitelibdir\=./.gem.20250826-67339-ia0rcv clean
