current directory: /workspaces/monicarachelparra.com/vendor/bundle/ruby/3.3.0/gems/prism-1.4.0/ext/prism
/usr/local/rvm/rubies/ruby-3.3.9/bin/ruby extconf.rb
checking for prism.h in /workspaces/monicarachelparra.com/vendor/bundle/ruby/3.3.0/gems/prism-1.4.0/include... yes
checking for prism/extension.h in /workspaces/monicarachelparra.com/vendor/bundle/ruby/3.3.0/gems/prism-1.4.0/ext... yes
checking for whether -fvisibility=hidden is accepted as CFLAGS... yes
creating Makefile

current directory: /workspaces/monicarachelparra.com/vendor/bundle/ruby/3.3.0/gems/prism-1.4.0/ext/prism
make DESTDIR\= sitearchdir\=./.gem.20250827-2214-ht1xt6 sitelibdir\=./.gem.20250827-2214-ht1xt6 clean

current directory: /workspaces/monicarachelparra.com/vendor/bundle/ruby/3.3.0/gems/prism-1.4.0/ext/prism
make DESTDIR\= sitearchdir\=./.gem.20250827-2214-ht1xt6 sitelibdir\=./.gem.20250827-2214-ht1xt6
compiling api_node.c
compiling api_pack.c
compiling extension.c
compiling ./../../src/diagnostic.c
compiling ./../../src/encoding.c
compiling ./../../src/node.c
compiling ./../../src/options.c
compiling ./../../src/pack.c
compiling ./../../src/prettyprint.c
compiling ./../../src/prism.c
compiling ./../../src/regexp.c
compiling ./../../src/serialize.c
compiling ./../../src/static_literals.c
compiling ./../../src/token_type.c
compiling ./../../src/util/pm_buffer.c
compiling ./../../src/util/pm_char.c
compiling ./../../src/util/pm_constant_pool.c
compiling ./../../src/util/pm_integer.c
compiling ./../../src/util/pm_list.c
compiling ./../../src/util/pm_memchr.c
compiling ./../../src/util/pm_newline_list.c
compiling ./../../src/util/pm_string.c
compiling ./../../src/util/pm_strncasecmp.c
compiling ./../../src/util/pm_strpbrk.c
linking shared-object prism/prism.so

current directory: /workspaces/monicarachelparra.com/vendor/bundle/ruby/3.3.0/gems/prism-1.4.0/ext/prism
make DESTDIR\= sitearchdir\=./.gem.20250827-2214-ht1xt6 sitelibdir\=./.gem.20250827-2214-ht1xt6 install
/usr/bin/install -m 0755 prism.so ./.gem.20250827-2214-ht1xt6/prism

current directory: /workspaces/monicarachelparra.com/vendor/bundle/ruby/3.3.0/gems/prism-1.4.0/ext/prism
make DESTDIR\= sitearchdir\=./.gem.20250827-2214-ht1xt6 sitelibdir\=./.gem.20250827-2214-ht1xt6 clean
