current directory: /workspaces/monicarachelparra.com/vendor/bundle/ruby/3.3.0/gems/date-3.4.1/ext/date
/usr/local/rvm/rubies/ruby-3.3.9/bin/ruby extconf.rb
checking for rb_category_warn()... yes
checking for timezone in time.h with  -Werror... yes
checking for altzone in time.h with  -Werror... no
creating Makefile

current directory: /workspaces/monicarachelparra.com/vendor/bundle/ruby/3.3.0/gems/date-3.4.1/ext/date
make DESTDIR\= sitearchdir\=./.gem.20250827-2214-n62yf7 sitelibdir\=./.gem.20250827-2214-n62yf7 clean

current directory: /workspaces/monicarachelparra.com/vendor/bundle/ruby/3.3.0/gems/date-3.4.1/ext/date
make DESTDIR\= sitearchdir\=./.gem.20250827-2214-n62yf7 sitelibdir\=./.gem.20250827-2214-n62yf7
compiling date_core.c
compiling date_parse.c
compiling date_strftime.c
compiling date_strptime.c
linking shared-object date_core.so

current directory: /workspaces/monicarachelparra.com/vendor/bundle/ruby/3.3.0/gems/date-3.4.1/ext/date
make DESTDIR\= sitearchdir\=./.gem.20250827-2214-n62yf7 sitelibdir\=./.gem.20250827-2214-n62yf7 install
/usr/bin/install -m 0755 date_core.so ./.gem.20250827-2214-n62yf7

current directory: /workspaces/monicarachelparra.com/vendor/bundle/ruby/3.3.0/gems/date-3.4.1/ext/date
make DESTDIR\= sitearchdir\=./.gem.20250827-2214-n62yf7 sitelibdir\=./.gem.20250827-2214-n62yf7 clean
